bool a;
bool b;
bool c;
bool d;
bool e;
bool x;

active proctype test()
{
	int br1 = _nr_pr;
	run sel1();
	run anon_proctype_1();
    run anon_proctype_2();
	_nr_pr == br1 ->
}

proctype sel1()
{
    if
    :: true ->
             a ->
                b = true;
    :: true ->
             b ->
                e = true;
    :: true ->
             c ->
                d = true;
    fi
}

proctype anon_proctype_1()
{
    if
    :: true ->
            a ->
                d = true;
    :: true ->
                a ->
                    b = true;
                b ->
                    c = true;
                c ->
                    d = true;
    fi
}

proctype anon_proctype_2()
{
    if
    :: true ->
            a ->
                x = true;
    :: true ->
                a ->
                    c = true;
                c ->
                    x = true;
    fi
}
